<?xml version="1.0" encoding="utf-8" ?><Map><TilesetId>1</TilesetId><Name>MAP001</Name><Width>20</Width><Width>20</Width><Height>15</Height><AutoplayMusicLoop>false</AutoplayMusicLoop><MusicLoop><Name></Name><Volume>100</Volume><Pitch>100</Pitch></MusicLoop><AutoplaySoundLoop>false</AutoplaySoundLoop><SoundLoop><Name></Name><Volume>80</Volume><Pitch>100</Pitch></SoundLoop>
<EncounterList></EncounterList><EncounterStep>30</EncounterStep><Data><ArrayOfArrayOfShort><ArrayOfShort><short>384</short>
<short>0</short>
<short>0</short>
</ArrayOfShort>
<ArrayOfShort><short>384</short>
<short>0</short>
<short>0</short>
</ArrayOfShort>
<ArrayOfShort><short>384</short>
<short>0</short>
<short>0</short>
</ArrayOfShort>
<ArrayOfShort><short>384</short>
<short>0</short>
<short>0</short>
</ArrayOfShort>
<ArrayOfShort><short>384</short>
<short>0</short>
<short>0</short>
</ArrayOfShort>
<ArrayOfShort><short>384</short>
<short>0</short>
<short>0</short>
</ArrayOfShort>
<ArrayOfShort><short>384</short>
<short>0</short>
<short>0</short>
</ArrayOfShort>
<ArrayOfShort><short>384</short>
<short>0</short>
<short>0</short>
</ArrayOfShort>
<ArrayOfShort><short>384</short>
<short>0</short>
<short>0</short>
</ArrayOfShort>
<ArrayOfShort><short>384</short>
<short>0</short>
<short>0</short>
</ArrayOfShort>
<ArrayOfShort><short>384</short>
<short>0</short>
<short>0</short>
</ArrayOfShort>
<ArrayOfShort><short>384</short>
<short>0</short>
<short>0</short>
</ArrayOfShort>
<ArrayOfShort><short>384</short>
<short>0</short>
<short>0</short>
</ArrayOfShort>
<ArrayOfShort><short>384</short>
<short>0</short>
<short>0</short>
</ArrayOfShort>
<ArrayOfShort><short>384</short>
<short>0</short>
<short>0</short>
</ArrayOfShort>
</ArrayOfArrayOfShort>
<ArrayOfArrayOfShort><ArrayOfShort><short>384</short>
<short>0</short>
<short>0</short>
</ArrayOfShort>
<ArrayOfShort><short>384</short>
<short>0</short>
<short>0</short>
</ArrayOfShort>
<ArrayOfShort><short>384</short>
<short>0</short>
<short>0</short>
</ArrayOfShort>
<ArrayOfShort><short>384</short>
<short>0</short>
<short>0</short>
</ArrayOfShort>
<ArrayOfShort><short>384</short>
<short>0</short>
<short>0</short>
</ArrayOfShort>
<ArrayOfShort><short>384</short>
<short>0</short>
<short>0</short>
</ArrayOfShort>
<ArrayOfShort><short>384</short>
<short>0</short>
<short>0</short>
</ArrayOfShort>
<ArrayOfShort><short>384</short>
<short>0</short>
<short>0</short>
</ArrayOfShort>
<ArrayOfShort><short>384</short>
<short>0</short>
<short>0</short>
</ArrayOfShort>
<ArrayOfShort><short>384</short>
<short>0</short>
<short>0</short>
</ArrayOfShort>
<ArrayOfShort><short>384</short>
<short>0</short>
<short>0</short>
</ArrayOfShort>
<ArrayOfShort><short>384</short>
<short>0</short>
<short>0</short>
</ArrayOfShort>
<ArrayOfShort><short>384</short>
<short>0</short>
<short>0</short>
</ArrayOfShort>
<ArrayOfShort><short>384</short>
<short>0</short>
<short>0</short>
</ArrayOfShort>
<ArrayOfShort><short>384</short>
<short>0</short>
<short>0</short>
</ArrayOfShort>
</ArrayOfArrayOfShort>
<ArrayOfArrayOfShort><ArrayOfShort><short>384</short>
<short>0</short>
<short>0</short>
</ArrayOfShort>
<ArrayOfShort><short>384</short>
<short>0</short>
<short>0</short>
</ArrayOfShort>
<ArrayOfShort><short>384</short>
<short>0</short>
<short>0</short>
</ArrayOfShort>
<ArrayOfShort><short>384</short>
<short>0</short>
<short>0</short>
</ArrayOfShort>
<ArrayOfShort><short>384</short>
<short>0</short>
<short>0</short>
</ArrayOfShort>
<ArrayOfShort><short>384</short>
<short>0</short>
<short>0</short>
</ArrayOfShort>
<ArrayOfShort><short>384</short>
<short>0</short>
<short>0</short>
</ArrayOfShort>
<ArrayOfShort><short>384</short>
<short>0</short>
<short>0</short>
</ArrayOfShort>
<ArrayOfShort><short>384</short>
<short>0</short>
<short>0</short>
</ArrayOfShort>
<ArrayOfShort><short>384</short>
<short>0</short>
<short>0</short>
</ArrayOfShort>
<ArrayOfShort><short>384</short>
<short>0</short>
<short>0</short>
</ArrayOfShort>
<ArrayOfShort><short>384</short>
<short>0</short>
<short>0</short>
</ArrayOfShort>
<ArrayOfShort><short>384</short>
<short>0</short>
<short>0</short>
</ArrayOfShort>
<ArrayOfShort><short>384</short>
<short>0</short>
<short>0</short>
</ArrayOfShort>
<ArrayOfShort><short>384</short>
<short>0</short>
<short>0</short>
</ArrayOfShort>
</ArrayOfArrayOfShort>
<ArrayOfArrayOfShort><ArrayOfShort><short>384</short>
<short>0</short>
<short>0</short>
</ArrayOfShort>
<ArrayOfShort><short>384</short>
<short>0</short>
<short>0</short>
</ArrayOfShort>
<ArrayOfShort><short>384</short>
<short>0</short>
<short>0</short>
</ArrayOfShort>
<ArrayOfShort><short>384</short>
<short>0</short>
<short>0</short>
</ArrayOfShort>
<ArrayOfShort><short>384</short>
<short>0</short>
<short>0</short>
</ArrayOfShort>
<ArrayOfShort><short>384</short>
<short>0</short>
<short>0</short>
</ArrayOfShort>
<ArrayOfShort><short>384</short>
<short>0</short>
<short>0</short>
</ArrayOfShort>
<ArrayOfShort><short>384</short>
<short>0</short>
<short>0</short>
</ArrayOfShort>
<ArrayOfShort><short>384</short>
<short>0</short>
<short>0</short>
</ArrayOfShort>
<ArrayOfShort><short>384</short>
<short>0</short>
<short>0</short>
</ArrayOfShort>
<ArrayOfShort><short>384</short>
<short>0</short>
<short>0</short>
</ArrayOfShort>
<ArrayOfShort><short>384</short>
<short>0</short>
<short>0</short>
</ArrayOfShort>
<ArrayOfShort><short>384</short>
<short>0</short>
<short>0</short>
</ArrayOfShort>
<ArrayOfShort><short>384</short>
<short>0</short>
<short>0</short>
</ArrayOfShort>
<ArrayOfShort><short>384</short>
<short>0</short>
<short>0</short>
</ArrayOfShort>
</ArrayOfArrayOfShort>
<ArrayOfArrayOfShort><ArrayOfShort><short>384</short>
<short>0</short>
<short>0</short>
</ArrayOfShort>
<ArrayOfShort><short>384</short>
<short>0</short>
<short>0</short>
</ArrayOfShort>
<ArrayOfShort><short>384</short>
<short>0</short>
<short>0</short>
</ArrayOfShort>
<ArrayOfShort><short>384</short>
<short>0</short>
<short>0</short>
</ArrayOfShort>
<ArrayOfShort><short>384</short>
<short>0</short>
<short>0</short>
</ArrayOfShort>
<ArrayOfShort><short>384</short>
<short>0</short>
<short>0</short>
</ArrayOfShort>
<ArrayOfShort><short>384</short>
<short>0</short>
<short>0</short>
</ArrayOfShort>
<ArrayOfShort><short>384</short>
<short>0</short>
<short>0</short>
</ArrayOfShort>
<ArrayOfShort><short>384</short>
<short>0</short>
<short>0</short>
</ArrayOfShort>
<ArrayOfShort><short>384</short>
<short>0</short>
<short>0</short>
</ArrayOfShort>
<ArrayOfShort><short>384</short>
<short>0</short>
<short>0</short>
</ArrayOfShort>
<ArrayOfShort><short>384</short>
<short>0</short>
<short>0</short>
</ArrayOfShort>
<ArrayOfShort><short>384</short>
<short>0</short>
<short>0</short>
</ArrayOfShort>
<ArrayOfShort><short>384</short>
<short>0</short>
<short>0</short>
</ArrayOfShort>
<ArrayOfShort><short>384</short>
<short>0</short>
<short>0</short>
</ArrayOfShort>
</ArrayOfArrayOfShort>
<ArrayOfArrayOfShort><ArrayOfShort><short>384</short>
<short>0</short>
<short>0</short>
</ArrayOfShort>
<ArrayOfShort><short>384</short>
<short>0</short>
<short>0</short>
</ArrayOfShort>
<ArrayOfShort><short>384</short>
<short>0</short>
<short>0</short>
</ArrayOfShort>
<ArrayOfShort><short>384</short>
<short>0</short>
<short>0</short>
</ArrayOfShort>
<ArrayOfShort><short>384</short>
<short>0</short>
<short>0</short>
</ArrayOfShort>
<ArrayOfShort><short>384</short>
<short>0</short>
<short>0</short>
</ArrayOfShort>
<ArrayOfShort><short>384</short>
<short>0</short>
<short>0</short>
</ArrayOfShort>
<ArrayOfShort><short>384</short>
<short>0</short>
<short>0</short>
</ArrayOfShort>
<ArrayOfShort><short>384</short>
<short>0</short>
<short>0</short>
</ArrayOfShort>
<ArrayOfShort><short>384</short>
<short>0</short>
<short>0</short>
</ArrayOfShort>
<ArrayOfShort><short>384</short>
<short>0</short>
<short>0</short>
</ArrayOfShort>
<ArrayOfShort><short>384</short>
<short>0</short>
<short>0</short>
</ArrayOfShort>
<ArrayOfShort><short>384</short>
<short>0</short>
<short>0</short>
</ArrayOfShort>
<ArrayOfShort><short>384</short>
<short>0</short>
<short>0</short>
</ArrayOfShort>
<ArrayOfShort><short>384</short>
<short>0</short>
<short>0</short>
</ArrayOfShort>
</ArrayOfArrayOfShort>
<ArrayOfArrayOfShort><ArrayOfShort><short>384</short>
<short>0</short>
<short>0</short>
</ArrayOfShort>
<ArrayOfShort><short>384</short>
<short>0</short>
<short>0</short>
</ArrayOfShort>
<ArrayOfShort><short>384</short>
<short>0</short>
<short>0</short>
</ArrayOfShort>
<ArrayOfShort><short>384</short>
<short>0</short>
<short>0</short>
</ArrayOfShort>
<ArrayOfShort><short>384</short>
<short>0</short>
<short>0</short>
</ArrayOfShort>
<ArrayOfShort><short>384</short>
<short>0</short>
<short>0</short>
</ArrayOfShort>
<ArrayOfShort><short>384</short>
<short>0</short>
<short>0</short>
</ArrayOfShort>
<ArrayOfShort><short>384</short>
<short>0</short>
<short>0</short>
</ArrayOfShort>
<ArrayOfShort><short>384</short>
<short>0</short>
<short>0</short>
</ArrayOfShort>
<ArrayOfShort><short>384</short>
<short>0</short>
<short>0</short>
</ArrayOfShort>
<ArrayOfShort><short>384</short>
<short>0</short>
<short>0</short>
</ArrayOfShort>
<ArrayOfShort><short>384</short>
<short>0</short>
<short>0</short>
</ArrayOfShort>
<ArrayOfShort><short>384</short>
<short>0</short>
<short>0</short>
</ArrayOfShort>
<ArrayOfShort><short>384</short>
<short>0</short>
<short>0</short>
</ArrayOfShort>
<ArrayOfShort><short>384</short>
<short>0</short>
<short>0</short>
</ArrayOfShort>
</ArrayOfArrayOfShort>
<ArrayOfArrayOfShort><ArrayOfShort><short>384</short>
<short>0</short>
<short>0</short>
</ArrayOfShort>
<ArrayOfShort><short>384</short>
<short>0</short>
<short>0</short>
</ArrayOfShort>
<ArrayOfShort><short>384</short>
<short>0</short>
<short>0</short>
</ArrayOfShort>
<ArrayOfShort><short>384</short>
<short>0</short>
<short>0</short>
</ArrayOfShort>
<ArrayOfShort><short>384</short>
<short>0</short>
<short>0</short>
</ArrayOfShort>
<ArrayOfShort><short>384</short>
<short>0</short>
<short>0</short>
</ArrayOfShort>
<ArrayOfShort><short>384</short>
<short>0</short>
<short>0</short>
</ArrayOfShort>
<ArrayOfShort><short>384</short>
<short>0</short>
<short>0</short>
</ArrayOfShort>
<ArrayOfShort><short>384</short>
<short>0</short>
<short>0</short>
</ArrayOfShort>
<ArrayOfShort><short>384</short>
<short>0</short>
<short>0</short>
</ArrayOfShort>
<ArrayOfShort><short>384</short>
<short>0</short>
<short>0</short>
</ArrayOfShort>
<ArrayOfShort><short>384</short>
<short>0</short>
<short>0</short>
</ArrayOfShort>
<ArrayOfShort><short>384</short>
<short>0</short>
<short>0</short>
</ArrayOfShort>
<ArrayOfShort><short>384</short>
<short>0</short>
<short>0</short>
</ArrayOfShort>
<ArrayOfShort><short>384</short>
<short>0</short>
<short>0</short>
</ArrayOfShort>
</ArrayOfArrayOfShort>
<ArrayOfArrayOfShort><ArrayOfShort><short>384</short>
<short>0</short>
<short>0</short>
</ArrayOfShort>
<ArrayOfShort><short>384</short>
<short>0</short>
<short>0</short>
</ArrayOfShort>
<ArrayOfShort><short>384</short>
<short>0</short>
<short>0</short>
</ArrayOfShort>
<ArrayOfShort><short>384</short>
<short>0</short>
<short>0</short>
</ArrayOfShort>
<ArrayOfShort><short>384</short>
<short>0</short>
<short>0</short>
</ArrayOfShort>
<ArrayOfShort><short>384</short>
<short>0</short>
<short>0</short>
</ArrayOfShort>
<ArrayOfShort><short>384</short>
<short>0</short>
<short>0</short>
</ArrayOfShort>
<ArrayOfShort><short>384</short>
<short>0</short>
<short>0</short>
</ArrayOfShort>
<ArrayOfShort><short>384</short>
<short>0</short>
<short>0</short>
</ArrayOfShort>
<ArrayOfShort><short>384</short>
<short>0</short>
<short>0</short>
</ArrayOfShort>
<ArrayOfShort><short>384</short>
<short>0</short>
<short>0</short>
</ArrayOfShort>
<ArrayOfShort><short>384</short>
<short>0</short>
<short>0</short>
</ArrayOfShort>
<ArrayOfShort><short>384</short>
<short>0</short>
<short>0</short>
</ArrayOfShort>
<ArrayOfShort><short>384</short>
<short>0</short>
<short>0</short>
</ArrayOfShort>
<ArrayOfShort><short>384</short>
<short>0</short>
<short>0</short>
</ArrayOfShort>
</ArrayOfArrayOfShort>
<ArrayOfArrayOfShort><ArrayOfShort><short>384</short>
<short>0</short>
<short>0</short>
</ArrayOfShort>
<ArrayOfShort><short>384</short>
<short>0</short>
<short>0</short>
</ArrayOfShort>
<ArrayOfShort><short>384</short>
<short>0</short>
<short>0</short>
</ArrayOfShort>
<ArrayOfShort><short>384</short>
<short>0</short>
<short>0</short>
</ArrayOfShort>
<ArrayOfShort><short>384</short>
<short>0</short>
<short>0</short>
</ArrayOfShort>
<ArrayOfShort><short>384</short>
<short>0</short>
<short>0</short>
</ArrayOfShort>
<ArrayOfShort><short>384</short>
<short>0</short>
<short>0</short>
</ArrayOfShort>
<ArrayOfShort><short>384</short>
<short>0</short>
<short>0</short>
</ArrayOfShort>
<ArrayOfShort><short>384</short>
<short>0</short>
<short>0</short>
</ArrayOfShort>
<ArrayOfShort><short>384</short>
<short>0</short>
<short>0</short>
</ArrayOfShort>
<ArrayOfShort><short>384</short>
<short>0</short>
<short>0</short>
</ArrayOfShort>
<ArrayOfShort><short>384</short>
<short>0</short>
<short>0</short>
</ArrayOfShort>
<ArrayOfShort><short>384</short>
<short>0</short>
<short>0</short>
</ArrayOfShort>
<ArrayOfShort><short>384</short>
<short>0</short>
<short>0</short>
</ArrayOfShort>
<ArrayOfShort><short>384</short>
<short>0</short>
<short>0</short>
</ArrayOfShort>
</ArrayOfArrayOfShort>
<ArrayOfArrayOfShort><ArrayOfShort><short>384</short>
<short>0</short>
<short>0</short>
</ArrayOfShort>
<ArrayOfShort><short>384</short>
<short>0</short>
<short>0</short>
</ArrayOfShort>
<ArrayOfShort><short>384</short>
<short>0</short>
<short>0</short>
</ArrayOfShort>
<ArrayOfShort><short>384</short>
<short>0</short>
<short>0</short>
</ArrayOfShort>
<ArrayOfShort><short>384</short>
<short>0</short>
<short>0</short>
</ArrayOfShort>
<ArrayOfShort><short>384</short>
<short>0</short>
<short>0</short>
</ArrayOfShort>
<ArrayOfShort><short>384</short>
<short>0</short>
<short>0</short>
</ArrayOfShort>
<ArrayOfShort><short>384</short>
<short>0</short>
<short>0</short>
</ArrayOfShort>
<ArrayOfShort><short>384</short>
<short>0</short>
<short>0</short>
</ArrayOfShort>
<ArrayOfShort><short>384</short>
<short>0</short>
<short>0</short>
</ArrayOfShort>
<ArrayOfShort><short>384</short>
<short>0</short>
<short>0</short>
</ArrayOfShort>
<ArrayOfShort><short>384</short>
<short>0</short>
<short>0</short>
</ArrayOfShort>
<ArrayOfShort><short>384</short>
<short>0</short>
<short>0</short>
</ArrayOfShort>
<ArrayOfShort><short>384</short>
<short>0</short>
<short>0</short>
</ArrayOfShort>
<ArrayOfShort><short>384</short>
<short>0</short>
<short>0</short>
</ArrayOfShort>
</ArrayOfArrayOfShort>
<ArrayOfArrayOfShort><ArrayOfShort><short>384</short>
<short>0</short>
<short>0</short>
</ArrayOfShort>
<ArrayOfShort><short>384</short>
<short>0</short>
<short>0</short>
</ArrayOfShort>
<ArrayOfShort><short>384</short>
<short>0</short>
<short>0</short>
</ArrayOfShort>
<ArrayOfShort><short>384</short>
<short>0</short>
<short>0</short>
</ArrayOfShort>
<ArrayOfShort><short>384</short>
<short>0</short>
<short>0</short>
</ArrayOfShort>
<ArrayOfShort><short>384</short>
<short>0</short>
<short>0</short>
</ArrayOfShort>
<ArrayOfShort><short>384</short>
<short>0</short>
<short>0</short>
</ArrayOfShort>
<ArrayOfShort><short>384</short>
<short>0</short>
<short>0</short>
</ArrayOfShort>
<ArrayOfShort><short>384</short>
<short>0</short>
<short>0</short>
</ArrayOfShort>
<ArrayOfShort><short>384</short>
<short>0</short>
<short>0</short>
</ArrayOfShort>
<ArrayOfShort><short>384</short>
<short>0</short>
<short>0</short>
</ArrayOfShort>
<ArrayOfShort><short>384</short>
<short>0</short>
<short>0</short>
</ArrayOfShort>
<ArrayOfShort><short>384</short>
<short>0</short>
<short>0</short>
</ArrayOfShort>
<ArrayOfShort><short>384</short>
<short>0</short>
<short>0</short>
</ArrayOfShort>
<ArrayOfShort><short>384</short>
<short>0</short>
<short>0</short>
</ArrayOfShort>
</ArrayOfArrayOfShort>
<ArrayOfArrayOfShort><ArrayOfShort><short>384</short>
<short>0</short>
<short>0</short>
</ArrayOfShort>
<ArrayOfShort><short>384</short>
<short>0</short>
<short>0</short>
</ArrayOfShort>
<ArrayOfShort><short>384</short>
<short>0</short>
<short>0</short>
</ArrayOfShort>
<ArrayOfShort><short>384</short>
<short>0</short>
<short>0</short>
</ArrayOfShort>
<ArrayOfShort><short>384</short>
<short>0</short>
<short>0</short>
</ArrayOfShort>
<ArrayOfShort><short>384</short>
<short>0</short>
<short>0</short>
</ArrayOfShort>
<ArrayOfShort><short>384</short>
<short>0</short>
<short>0</short>
</ArrayOfShort>
<ArrayOfShort><short>384</short>
<short>0</short>
<short>0</short>
</ArrayOfShort>
<ArrayOfShort><short>384</short>
<short>0</short>
<short>0</short>
</ArrayOfShort>
<ArrayOfShort><short>384</short>
<short>0</short>
<short>0</short>
</ArrayOfShort>
<ArrayOfShort><short>384</short>
<short>0</short>
<short>0</short>
</ArrayOfShort>
<ArrayOfShort><short>384</short>
<short>0</short>
<short>0</short>
</ArrayOfShort>
<ArrayOfShort><short>384</short>
<short>0</short>
<short>0</short>
</ArrayOfShort>
<ArrayOfShort><short>384</short>
<short>0</short>
<short>0</short>
</ArrayOfShort>
<ArrayOfShort><short>384</short>
<short>0</short>
<short>0</short>
</ArrayOfShort>
</ArrayOfArrayOfShort>
<ArrayOfArrayOfShort><ArrayOfShort><short>384</short>
<short>0</short>
<short>0</short>
</ArrayOfShort>
<ArrayOfShort><short>384</short>
<short>0</short>
<short>0</short>
</ArrayOfShort>
<ArrayOfShort><short>384</short>
<short>0</short>
<short>0</short>
</ArrayOfShort>
<ArrayOfShort><short>384</short>
<short>0</short>
<short>0</short>
</ArrayOfShort>
<ArrayOfShort><short>384</short>
<short>0</short>
<short>0</short>
</ArrayOfShort>
<ArrayOfShort><short>384</short>
<short>0</short>
<short>0</short>
</ArrayOfShort>
<ArrayOfShort><short>384</short>
<short>0</short>
<short>0</short>
</ArrayOfShort>
<ArrayOfShort><short>384</short>
<short>0</short>
<short>0</short>
</ArrayOfShort>
<ArrayOfShort><short>384</short>
<short>0</short>
<short>0</short>
</ArrayOfShort>
<ArrayOfShort><short>384</short>
<short>0</short>
<short>0</short>
</ArrayOfShort>
<ArrayOfShort><short>384</short>
<short>0</short>
<short>0</short>
</ArrayOfShort>
<ArrayOfShort><short>384</short>
<short>0</short>
<short>0</short>
</ArrayOfShort>
<ArrayOfShort><short>384</short>
<short>0</short>
<short>0</short>
</ArrayOfShort>
<ArrayOfShort><short>384</short>
<short>0</short>
<short>0</short>
</ArrayOfShort>
<ArrayOfShort><short>384</short>
<short>0</short>
<short>0</short>
</ArrayOfShort>
</ArrayOfArrayOfShort>
<ArrayOfArrayOfShort><ArrayOfShort><short>384</short>
<short>0</short>
<short>0</short>
</ArrayOfShort>
<ArrayOfShort><short>384</short>
<short>0</short>
<short>0</short>
</ArrayOfShort>
<ArrayOfShort><short>384</short>
<short>0</short>
<short>0</short>
</ArrayOfShort>
<ArrayOfShort><short>384</short>
<short>0</short>
<short>0</short>
</ArrayOfShort>
<ArrayOfShort><short>384</short>
<short>0</short>
<short>0</short>
</ArrayOfShort>
<ArrayOfShort><short>384</short>
<short>0</short>
<short>0</short>
</ArrayOfShort>
<ArrayOfShort><short>384</short>
<short>0</short>
<short>0</short>
</ArrayOfShort>
<ArrayOfShort><short>384</short>
<short>0</short>
<short>0</short>
</ArrayOfShort>
<ArrayOfShort><short>384</short>
<short>0</short>
<short>0</short>
</ArrayOfShort>
<ArrayOfShort><short>384</short>
<short>0</short>
<short>0</short>
</ArrayOfShort>
<ArrayOfShort><short>384</short>
<short>0</short>
<short>0</short>
</ArrayOfShort>
<ArrayOfShort><short>384</short>
<short>0</short>
<short>0</short>
</ArrayOfShort>
<ArrayOfShort><short>384</short>
<short>0</short>
<short>0</short>
</ArrayOfShort>
<ArrayOfShort><short>384</short>
<short>0</short>
<short>0</short>
</ArrayOfShort>
<ArrayOfShort><short>384</short>
<short>0</short>
<short>0</short>
</ArrayOfShort>
</ArrayOfArrayOfShort>
<ArrayOfArrayOfShort><ArrayOfShort><short>384</short>
<short>0</short>
<short>0</short>
</ArrayOfShort>
<ArrayOfShort><short>384</short>
<short>0</short>
<short>0</short>
</ArrayOfShort>
<ArrayOfShort><short>384</short>
<short>0</short>
<short>0</short>
</ArrayOfShort>
<ArrayOfShort><short>384</short>
<short>0</short>
<short>0</short>
</ArrayOfShort>
<ArrayOfShort><short>384</short>
<short>0</short>
<short>0</short>
</ArrayOfShort>
<ArrayOfShort><short>384</short>
<short>0</short>
<short>0</short>
</ArrayOfShort>
<ArrayOfShort><short>384</short>
<short>0</short>
<short>0</short>
</ArrayOfShort>
<ArrayOfShort><short>384</short>
<short>0</short>
<short>0</short>
</ArrayOfShort>
<ArrayOfShort><short>384</short>
<short>0</short>
<short>0</short>
</ArrayOfShort>
<ArrayOfShort><short>384</short>
<short>0</short>
<short>0</short>
</ArrayOfShort>
<ArrayOfShort><short>384</short>
<short>0</short>
<short>0</short>
</ArrayOfShort>
<ArrayOfShort><short>384</short>
<short>0</short>
<short>0</short>
</ArrayOfShort>
<ArrayOfShort><short>384</short>
<short>0</short>
<short>0</short>
</ArrayOfShort>
<ArrayOfShort><short>384</short>
<short>0</short>
<short>0</short>
</ArrayOfShort>
<ArrayOfShort><short>384</short>
<short>0</short>
<short>0</short>
</ArrayOfShort>
</ArrayOfArrayOfShort>
<ArrayOfArrayOfShort><ArrayOfShort><short>384</short>
<short>0</short>
<short>0</short>
</ArrayOfShort>
<ArrayOfShort><short>384</short>
<short>0</short>
<short>0</short>
</ArrayOfShort>
<ArrayOfShort><short>384</short>
<short>0</short>
<short>0</short>
</ArrayOfShort>
<ArrayOfShort><short>384</short>
<short>0</short>
<short>0</short>
</ArrayOfShort>
<ArrayOfShort><short>384</short>
<short>0</short>
<short>0</short>
</ArrayOfShort>
<ArrayOfShort><short>384</short>
<short>0</short>
<short>0</short>
</ArrayOfShort>
<ArrayOfShort><short>384</short>
<short>0</short>
<short>0</short>
</ArrayOfShort>
<ArrayOfShort><short>384</short>
<short>0</short>
<short>0</short>
</ArrayOfShort>
<ArrayOfShort><short>384</short>
<short>0</short>
<short>0</short>
</ArrayOfShort>
<ArrayOfShort><short>384</short>
<short>0</short>
<short>0</short>
</ArrayOfShort>
<ArrayOfShort><short>384</short>
<short>0</short>
<short>0</short>
</ArrayOfShort>
<ArrayOfShort><short>384</short>
<short>0</short>
<short>0</short>
</ArrayOfShort>
<ArrayOfShort><short>384</short>
<short>0</short>
<short>0</short>
</ArrayOfShort>
<ArrayOfShort><short>384</short>
<short>0</short>
<short>0</short>
</ArrayOfShort>
<ArrayOfShort><short>384</short>
<short>0</short>
<short>0</short>
</ArrayOfShort>
</ArrayOfArrayOfShort>
<ArrayOfArrayOfShort><ArrayOfShort><short>384</short>
<short>0</short>
<short>0</short>
</ArrayOfShort>
<ArrayOfShort><short>384</short>
<short>0</short>
<short>0</short>
</ArrayOfShort>
<ArrayOfShort><short>384</short>
<short>0</short>
<short>0</short>
</ArrayOfShort>
<ArrayOfShort><short>384</short>
<short>0</short>
<short>0</short>
</ArrayOfShort>
<ArrayOfShort><short>384</short>
<short>0</short>
<short>0</short>
</ArrayOfShort>
<ArrayOfShort><short>384</short>
<short>0</short>
<short>0</short>
</ArrayOfShort>
<ArrayOfShort><short>384</short>
<short>0</short>
<short>0</short>
</ArrayOfShort>
<ArrayOfShort><short>384</short>
<short>0</short>
<short>0</short>
</ArrayOfShort>
<ArrayOfShort><short>384</short>
<short>0</short>
<short>0</short>
</ArrayOfShort>
<ArrayOfShort><short>384</short>
<short>0</short>
<short>0</short>
</ArrayOfShort>
<ArrayOfShort><short>384</short>
<short>0</short>
<short>0</short>
</ArrayOfShort>
<ArrayOfShort><short>384</short>
<short>0</short>
<short>0</short>
</ArrayOfShort>
<ArrayOfShort><short>384</short>
<short>0</short>
<short>0</short>
</ArrayOfShort>
<ArrayOfShort><short>384</short>
<short>0</short>
<short>0</short>
</ArrayOfShort>
<ArrayOfShort><short>384</short>
<short>0</short>
<short>0</short>
</ArrayOfShort>
</ArrayOfArrayOfShort>
<ArrayOfArrayOfShort><ArrayOfShort><short>384</short>
<short>0</short>
<short>0</short>
</ArrayOfShort>
<ArrayOfShort><short>384</short>
<short>0</short>
<short>0</short>
</ArrayOfShort>
<ArrayOfShort><short>384</short>
<short>0</short>
<short>0</short>
</ArrayOfShort>
<ArrayOfShort><short>384</short>
<short>0</short>
<short>0</short>
</ArrayOfShort>
<ArrayOfShort><short>384</short>
<short>0</short>
<short>0</short>
</ArrayOfShort>
<ArrayOfShort><short>384</short>
<short>0</short>
<short>0</short>
</ArrayOfShort>
<ArrayOfShort><short>384</short>
<short>0</short>
<short>0</short>
</ArrayOfShort>
<ArrayOfShort><short>384</short>
<short>0</short>
<short>0</short>
</ArrayOfShort>
<ArrayOfShort><short>384</short>
<short>0</short>
<short>0</short>
</ArrayOfShort>
<ArrayOfShort><short>384</short>
<short>0</short>
<short>0</short>
</ArrayOfShort>
<ArrayOfShort><short>384</short>
<short>0</short>
<short>0</short>
</ArrayOfShort>
<ArrayOfShort><short>384</short>
<short>0</short>
<short>0</short>
</ArrayOfShort>
<ArrayOfShort><short>384</short>
<short>0</short>
<short>0</short>
</ArrayOfShort>
<ArrayOfShort><short>384</short>
<short>0</short>
<short>0</short>
</ArrayOfShort>
<ArrayOfShort><short>384</short>
<short>0</short>
<short>0</short>
</ArrayOfShort>
</ArrayOfArrayOfShort>
<ArrayOfArrayOfShort><ArrayOfShort><short>384</short>
<short>0</short>
<short>0</short>
</ArrayOfShort>
<ArrayOfShort><short>384</short>
<short>0</short>
<short>0</short>
</ArrayOfShort>
<ArrayOfShort><short>384</short>
<short>0</short>
<short>0</short>
</ArrayOfShort>
<ArrayOfShort><short>384</short>
<short>0</short>
<short>0</short>
</ArrayOfShort>
<ArrayOfShort><short>384</short>
<short>0</short>
<short>0</short>
</ArrayOfShort>
<ArrayOfShort><short>384</short>
<short>0</short>
<short>0</short>
</ArrayOfShort>
<ArrayOfShort><short>384</short>
<short>0</short>
<short>0</short>
</ArrayOfShort>
<ArrayOfShort><short>384</short>
<short>0</short>
<short>0</short>
</ArrayOfShort>
<ArrayOfShort><short>384</short>
<short>0</short>
<short>0</short>
</ArrayOfShort>
<ArrayOfShort><short>384</short>
<short>0</short>
<short>0</short>
</ArrayOfShort>
<ArrayOfShort><short>384</short>
<short>0</short>
<short>0</short>
</ArrayOfShort>
<ArrayOfShort><short>384</short>
<short>0</short>
<short>0</short>
</ArrayOfShort>
<ArrayOfShort><short>384</short>
<short>0</short>
<short>0</short>
</ArrayOfShort>
<ArrayOfShort><short>384</short>
<short>0</short>
<short>0</short>
</ArrayOfShort>
<ArrayOfShort><short>384</short>
<short>0</short>
<short>0</short>
</ArrayOfShort>
</ArrayOfArrayOfShort>
</Data>
<Events><Event></Event><Event><Id>1</Id><Name>EV001</Name><X>11</X><Y>3</Y><Pages><Page><PageCondition><Switch1Valid>false</Switch1Valid><Switch2Valid>false</Switch2Valid><VariableValid>false</VariableValid><SelfSwitchValid>false</SelfSwitchValid><Switch1Id>1</Switch1Id><Switch2Id>1</Switch2Id><VariableId>1</VariableId><VariableValue>0</VariableValue><SelfSwitchCh>A</SelfSwitchCh></PageCondition><PageGraphic><TileId>0</TileId><CharacterName>010-Lancer02</CharacterName><CharacterHue>0</CharacterHue><Direction>6</Direction><Pattern>1</Pattern><Opacity>255</Opacity><BlendType>0</BlendType></PageGraphic><MoveType>0</MoveType><MoveSpeed>3</MoveSpeed><MoveFrequency>3</MoveFrequency><MoveRoute><Repeat>true</Repeat><Skippable>false</Skippable><List></List></MoveRoute><WalkAnime>true</WalkAnime><StepAnime>false</StepAnime><DirectionFix>false</DirectionFix><Through>false</Through><AlwaysOnTop>false</AlwaysOnTop><Trigger>0</Trigger><List><EventCommand>
<Code>101</Code><Indent>0</Indent><IntParams></IntParams><StringParams><string>Dialog 1</string></StringParams></EventCommand>
<EventCommand>
<Code>122</Code><Indent>0</Indent><IntParams><short>1</short><short>1</short><short>1</short><short>0</short><short>1</short></IntParams><StringParams></StringParams></EventCommand>
</List>
</Page>
</Pages>
</Event><Event><Id>2</Id><Name>EV002</Name><X>4</X><Y>4</Y><Pages><Page><PageCondition><Switch1Valid>false</Switch1Valid><Switch2Valid>false</Switch2Valid><VariableValid>false</VariableValid><SelfSwitchValid>false</SelfSwitchValid><Switch1Id>1</Switch1Id><Switch2Id>1</Switch2Id><VariableId>1</VariableId><VariableValue>0</VariableValue><SelfSwitchCh>A</SelfSwitchCh></PageCondition><PageGraphic><TileId>0</TileId><CharacterName>132-Noble07</CharacterName><CharacterHue>0</CharacterHue><Direction>2</Direction><Pattern>0</Pattern><Opacity>255</Opacity><BlendType>0</BlendType></PageGraphic><MoveType>0</MoveType><MoveSpeed>3</MoveSpeed><MoveFrequency>3</MoveFrequency><MoveRoute><Repeat>true</Repeat><Skippable>false</Skippable><List></List></MoveRoute><WalkAnime>true</WalkAnime><StepAnime>false</StepAnime><DirectionFix>false</DirectionFix><Through>false</Through><AlwaysOnTop>false</AlwaysOnTop><Trigger>0</Trigger><List><EventCommand>
<Code>101</Code><Indent>0</Indent><IntParams></IntParams><StringParams><string>Dialog 2</string></StringParams></EventCommand>
<EventCommand>
<Code>122</Code><Indent>0</Indent><IntParams><short>1</short><short>1</short><short>1</short><short>0</short><short>1</short></IntParams><StringParams></StringParams></EventCommand>
</List>
</Page>
</Pages>
</Event><Event><Id>3</Id><Name>EV003</Name><X>13</X><Y>10</Y><Pages><Page><PageCondition><Switch1Valid>false</Switch1Valid><Switch2Valid>false</Switch2Valid><VariableValid>false</VariableValid><SelfSwitchValid>false</SelfSwitchValid><Switch1Id>1</Switch1Id><Switch2Id>1</Switch2Id><VariableId>1</VariableId><VariableValue>0</VariableValue><SelfSwitchCh>A</SelfSwitchCh></PageCondition><PageGraphic><TileId>0</TileId><CharacterName>145-Prisoner01</CharacterName><CharacterHue>0</CharacterHue><Direction>2</Direction><Pattern>0</Pattern><Opacity>255</Opacity><BlendType>0</BlendType></PageGraphic><MoveType>0</MoveType><MoveSpeed>3</MoveSpeed><MoveFrequency>3</MoveFrequency><MoveRoute><Repeat>true</Repeat><Skippable>false</Skippable><List></List></MoveRoute><WalkAnime>true</WalkAnime><StepAnime>false</StepAnime><DirectionFix>false</DirectionFix><Through>false</Through><AlwaysOnTop>false</AlwaysOnTop><Trigger>0</Trigger><List><EventCommand>
<Code>101</Code><Indent>0</Indent><IntParams></IntParams><StringParams><string>Dialog 3</string></StringParams></EventCommand>
<EventCommand>
<Code>122</Code><Indent>0</Indent><IntParams><short>1</short><short>1</short><short>1</short><short>0</short><short>1</short></IntParams><StringParams></StringParams></EventCommand>
</List>
</Page>
</Pages>
</Event><Event><Id>4</Id><Name>EV004</Name><X>15</X><Y>7</Y><Pages><Page><PageCondition><Switch1Valid>false</Switch1Valid><Switch2Valid>false</Switch2Valid><VariableValid>false</VariableValid><SelfSwitchValid>false</SelfSwitchValid><Switch1Id>1</Switch1Id><Switch2Id>1</Switch2Id><VariableId>1</VariableId><VariableValue>0</VariableValue><SelfSwitchCh>A</SelfSwitchCh></PageCondition><PageGraphic><TileId>0</TileId><CharacterName>051-Undead01</CharacterName><CharacterHue>0</CharacterHue><Direction>2</Direction><Pattern>0</Pattern><Opacity>255</Opacity><BlendType>0</BlendType></PageGraphic><MoveType>0</MoveType><MoveSpeed>3</MoveSpeed><MoveFrequency>3</MoveFrequency><MoveRoute><Repeat>true</Repeat><Skippable>false</Skippable><List></List></MoveRoute><WalkAnime>true</WalkAnime><StepAnime>false</StepAnime><DirectionFix>false</DirectionFix><Through>false</Through><AlwaysOnTop>false</AlwaysOnTop><Trigger>0</Trigger><List><EventCommand>
<Code>301</Code><Indent>0</Indent><IntParams><short>1</short><short>0</short><short>0</short></IntParams><StringParams></StringParams></EventCommand>
</List>
</Page>
</Pages>
</Event></Events></Map>