<?xml version="1.0" encoding="utf-8" ?><Map><TilesetId>2</TilesetId><Name>MAP002</Name><Width>20</Width><Width>20</Width><Height>15</Height><AutoplayMusicLoop>false</AutoplayMusicLoop><MusicLoop><Name></Name><Volume>100</Volume><Pitch>100</Pitch></MusicLoop><AutoplaySoundLoop>false</AutoplaySoundLoop><SoundLoop><Name></Name><Volume>80</Volume><Pitch>100</Pitch></SoundLoop>
<EncounterList></EncounterList><EncounterStep>30</EncounterStep><Data><ArrayOfArrayOfShort><ArrayOfShort><short>417</short>
<short>0</short>
<short>0</short>
</ArrayOfShort>
<ArrayOfShort><short>417</short>
<short>0</short>
<short>0</short>
</ArrayOfShort>
<ArrayOfShort><short>417</short>
<short>0</short>
<short>0</short>
</ArrayOfShort>
<ArrayOfShort><short>417</short>
<short>0</short>
<short>0</short>
</ArrayOfShort>
<ArrayOfShort><short>417</short>
<short>0</short>
<short>0</short>
</ArrayOfShort>
<ArrayOfShort><short>417</short>
<short>0</short>
<short>0</short>
</ArrayOfShort>
<ArrayOfShort><short>417</short>
<short>0</short>
<short>0</short>
</ArrayOfShort>
<ArrayOfShort><short>417</short>
<short>0</short>
<short>0</short>
</ArrayOfShort>
<ArrayOfShort><short>417</short>
<short>0</short>
<short>0</short>
</ArrayOfShort>
<ArrayOfShort><short>417</short>
<short>0</short>
<short>0</short>
</ArrayOfShort>
<ArrayOfShort><short>417</short>
<short>0</short>
<short>0</short>
</ArrayOfShort>
<ArrayOfShort><short>417</short>
<short>0</short>
<short>0</short>
</ArrayOfShort>
<ArrayOfShort><short>417</short>
<short>0</short>
<short>0</short>
</ArrayOfShort>
<ArrayOfShort><short>417</short>
<short>0</short>
<short>0</short>
</ArrayOfShort>
<ArrayOfShort><short>417</short>
<short>0</short>
<short>0</short>
</ArrayOfShort>
</ArrayOfArrayOfShort>
<ArrayOfArrayOfShort><ArrayOfShort><short>417</short>
<short>0</short>
<short>0</short>
</ArrayOfShort>
<ArrayOfShort><short>417</short>
<short>0</short>
<short>0</short>
</ArrayOfShort>
<ArrayOfShort><short>417</short>
<short>0</short>
<short>0</short>
</ArrayOfShort>
<ArrayOfShort><short>417</short>
<short>0</short>
<short>0</short>
</ArrayOfShort>
<ArrayOfShort><short>417</short>
<short>0</short>
<short>0</short>
</ArrayOfShort>
<ArrayOfShort><short>417</short>
<short>0</short>
<short>0</short>
</ArrayOfShort>
<ArrayOfShort><short>417</short>
<short>0</short>
<short>0</short>
</ArrayOfShort>
<ArrayOfShort><short>417</short>
<short>0</short>
<short>0</short>
</ArrayOfShort>
<ArrayOfShort><short>417</short>
<short>0</short>
<short>0</short>
</ArrayOfShort>
<ArrayOfShort><short>417</short>
<short>0</short>
<short>0</short>
</ArrayOfShort>
<ArrayOfShort><short>417</short>
<short>0</short>
<short>0</short>
</ArrayOfShort>
<ArrayOfShort><short>417</short>
<short>0</short>
<short>0</short>
</ArrayOfShort>
<ArrayOfShort><short>417</short>
<short>0</short>
<short>0</short>
</ArrayOfShort>
<ArrayOfShort><short>417</short>
<short>0</short>
<short>0</short>
</ArrayOfShort>
<ArrayOfShort><short>417</short>
<short>0</short>
<short>0</short>
</ArrayOfShort>
</ArrayOfArrayOfShort>
<ArrayOfArrayOfShort><ArrayOfShort><short>417</short>
<short>0</short>
<short>0</short>
</ArrayOfShort>
<ArrayOfShort><short>417</short>
<short>0</short>
<short>0</short>
</ArrayOfShort>
<ArrayOfShort><short>417</short>
<short>0</short>
<short>0</short>
</ArrayOfShort>
<ArrayOfShort><short>417</short>
<short>0</short>
<short>0</short>
</ArrayOfShort>
<ArrayOfShort><short>417</short>
<short>0</short>
<short>0</short>
</ArrayOfShort>
<ArrayOfShort><short>417</short>
<short>0</short>
<short>0</short>
</ArrayOfShort>
<ArrayOfShort><short>417</short>
<short>0</short>
<short>0</short>
</ArrayOfShort>
<ArrayOfShort><short>417</short>
<short>0</short>
<short>0</short>
</ArrayOfShort>
<ArrayOfShort><short>417</short>
<short>0</short>
<short>0</short>
</ArrayOfShort>
<ArrayOfShort><short>417</short>
<short>0</short>
<short>0</short>
</ArrayOfShort>
<ArrayOfShort><short>417</short>
<short>0</short>
<short>0</short>
</ArrayOfShort>
<ArrayOfShort><short>417</short>
<short>0</short>
<short>0</short>
</ArrayOfShort>
<ArrayOfShort><short>417</short>
<short>0</short>
<short>0</short>
</ArrayOfShort>
<ArrayOfShort><short>417</short>
<short>0</short>
<short>0</short>
</ArrayOfShort>
<ArrayOfShort><short>417</short>
<short>0</short>
<short>0</short>
</ArrayOfShort>
</ArrayOfArrayOfShort>
<ArrayOfArrayOfShort><ArrayOfShort><short>417</short>
<short>0</short>
<short>0</short>
</ArrayOfShort>
<ArrayOfShort><short>417</short>
<short>0</short>
<short>0</short>
</ArrayOfShort>
<ArrayOfShort><short>417</short>
<short>0</short>
<short>0</short>
</ArrayOfShort>
<ArrayOfShort><short>417</short>
<short>0</short>
<short>0</short>
</ArrayOfShort>
<ArrayOfShort><short>417</short>
<short>0</short>
<short>0</short>
</ArrayOfShort>
<ArrayOfShort><short>417</short>
<short>0</short>
<short>0</short>
</ArrayOfShort>
<ArrayOfShort><short>417</short>
<short>0</short>
<short>0</short>
</ArrayOfShort>
<ArrayOfShort><short>417</short>
<short>0</short>
<short>0</short>
</ArrayOfShort>
<ArrayOfShort><short>417</short>
<short>0</short>
<short>0</short>
</ArrayOfShort>
<ArrayOfShort><short>417</short>
<short>0</short>
<short>0</short>
</ArrayOfShort>
<ArrayOfShort><short>417</short>
<short>0</short>
<short>0</short>
</ArrayOfShort>
<ArrayOfShort><short>417</short>
<short>0</short>
<short>0</short>
</ArrayOfShort>
<ArrayOfShort><short>417</short>
<short>0</short>
<short>0</short>
</ArrayOfShort>
<ArrayOfShort><short>417</short>
<short>0</short>
<short>0</short>
</ArrayOfShort>
<ArrayOfShort><short>417</short>
<short>0</short>
<short>0</short>
</ArrayOfShort>
</ArrayOfArrayOfShort>
<ArrayOfArrayOfShort><ArrayOfShort><short>417</short>
<short>0</short>
<short>0</short>
</ArrayOfShort>
<ArrayOfShort><short>417</short>
<short>0</short>
<short>0</short>
</ArrayOfShort>
<ArrayOfShort><short>417</short>
<short>0</short>
<short>0</short>
</ArrayOfShort>
<ArrayOfShort><short>417</short>
<short>0</short>
<short>0</short>
</ArrayOfShort>
<ArrayOfShort><short>417</short>
<short>0</short>
<short>0</short>
</ArrayOfShort>
<ArrayOfShort><short>417</short>
<short>0</short>
<short>0</short>
</ArrayOfShort>
<ArrayOfShort><short>417</short>
<short>0</short>
<short>0</short>
</ArrayOfShort>
<ArrayOfShort><short>417</short>
<short>0</short>
<short>0</short>
</ArrayOfShort>
<ArrayOfShort><short>417</short>
<short>0</short>
<short>0</short>
</ArrayOfShort>
<ArrayOfShort><short>417</short>
<short>0</short>
<short>0</short>
</ArrayOfShort>
<ArrayOfShort><short>417</short>
<short>0</short>
<short>0</short>
</ArrayOfShort>
<ArrayOfShort><short>417</short>
<short>0</short>
<short>0</short>
</ArrayOfShort>
<ArrayOfShort><short>417</short>
<short>0</short>
<short>0</short>
</ArrayOfShort>
<ArrayOfShort><short>417</short>
<short>0</short>
<short>0</short>
</ArrayOfShort>
<ArrayOfShort><short>417</short>
<short>0</short>
<short>0</short>
</ArrayOfShort>
</ArrayOfArrayOfShort>
<ArrayOfArrayOfShort><ArrayOfShort><short>417</short>
<short>0</short>
<short>0</short>
</ArrayOfShort>
<ArrayOfShort><short>417</short>
<short>0</short>
<short>0</short>
</ArrayOfShort>
<ArrayOfShort><short>417</short>
<short>0</short>
<short>0</short>
</ArrayOfShort>
<ArrayOfShort><short>417</short>
<short>0</short>
<short>0</short>
</ArrayOfShort>
<ArrayOfShort><short>417</short>
<short>0</short>
<short>0</short>
</ArrayOfShort>
<ArrayOfShort><short>417</short>
<short>0</short>
<short>0</short>
</ArrayOfShort>
<ArrayOfShort><short>417</short>
<short>0</short>
<short>0</short>
</ArrayOfShort>
<ArrayOfShort><short>417</short>
<short>0</short>
<short>0</short>
</ArrayOfShort>
<ArrayOfShort><short>417</short>
<short>0</short>
<short>0</short>
</ArrayOfShort>
<ArrayOfShort><short>417</short>
<short>0</short>
<short>0</short>
</ArrayOfShort>
<ArrayOfShort><short>417</short>
<short>0</short>
<short>0</short>
</ArrayOfShort>
<ArrayOfShort><short>417</short>
<short>0</short>
<short>0</short>
</ArrayOfShort>
<ArrayOfShort><short>417</short>
<short>0</short>
<short>0</short>
</ArrayOfShort>
<ArrayOfShort><short>417</short>
<short>0</short>
<short>0</short>
</ArrayOfShort>
<ArrayOfShort><short>417</short>
<short>0</short>
<short>0</short>
</ArrayOfShort>
</ArrayOfArrayOfShort>
<ArrayOfArrayOfShort><ArrayOfShort><short>417</short>
<short>0</short>
<short>0</short>
</ArrayOfShort>
<ArrayOfShort><short>417</short>
<short>0</short>
<short>0</short>
</ArrayOfShort>
<ArrayOfShort><short>417</short>
<short>0</short>
<short>0</short>
</ArrayOfShort>
<ArrayOfShort><short>417</short>
<short>0</short>
<short>0</short>
</ArrayOfShort>
<ArrayOfShort><short>417</short>
<short>0</short>
<short>0</short>
</ArrayOfShort>
<ArrayOfShort><short>417</short>
<short>0</short>
<short>0</short>
</ArrayOfShort>
<ArrayOfShort><short>417</short>
<short>0</short>
<short>0</short>
</ArrayOfShort>
<ArrayOfShort><short>417</short>
<short>0</short>
<short>0</short>
</ArrayOfShort>
<ArrayOfShort><short>417</short>
<short>0</short>
<short>0</short>
</ArrayOfShort>
<ArrayOfShort><short>417</short>
<short>0</short>
<short>0</short>
</ArrayOfShort>
<ArrayOfShort><short>417</short>
<short>0</short>
<short>0</short>
</ArrayOfShort>
<ArrayOfShort><short>417</short>
<short>0</short>
<short>0</short>
</ArrayOfShort>
<ArrayOfShort><short>417</short>
<short>0</short>
<short>0</short>
</ArrayOfShort>
<ArrayOfShort><short>417</short>
<short>0</short>
<short>0</short>
</ArrayOfShort>
<ArrayOfShort><short>417</short>
<short>0</short>
<short>0</short>
</ArrayOfShort>
</ArrayOfArrayOfShort>
<ArrayOfArrayOfShort><ArrayOfShort><short>417</short>
<short>0</short>
<short>0</short>
</ArrayOfShort>
<ArrayOfShort><short>417</short>
<short>0</short>
<short>0</short>
</ArrayOfShort>
<ArrayOfShort><short>417</short>
<short>0</short>
<short>0</short>
</ArrayOfShort>
<ArrayOfShort><short>417</short>
<short>0</short>
<short>0</short>
</ArrayOfShort>
<ArrayOfShort><short>417</short>
<short>0</short>
<short>0</short>
</ArrayOfShort>
<ArrayOfShort><short>417</short>
<short>0</short>
<short>0</short>
</ArrayOfShort>
<ArrayOfShort><short>417</short>
<short>0</short>
<short>0</short>
</ArrayOfShort>
<ArrayOfShort><short>417</short>
<short>0</short>
<short>0</short>
</ArrayOfShort>
<ArrayOfShort><short>417</short>
<short>0</short>
<short>0</short>
</ArrayOfShort>
<ArrayOfShort><short>417</short>
<short>0</short>
<short>0</short>
</ArrayOfShort>
<ArrayOfShort><short>417</short>
<short>0</short>
<short>0</short>
</ArrayOfShort>
<ArrayOfShort><short>417</short>
<short>0</short>
<short>0</short>
</ArrayOfShort>
<ArrayOfShort><short>417</short>
<short>0</short>
<short>0</short>
</ArrayOfShort>
<ArrayOfShort><short>417</short>
<short>0</short>
<short>0</short>
</ArrayOfShort>
<ArrayOfShort><short>417</short>
<short>0</short>
<short>0</short>
</ArrayOfShort>
</ArrayOfArrayOfShort>
<ArrayOfArrayOfShort><ArrayOfShort><short>417</short>
<short>0</short>
<short>0</short>
</ArrayOfShort>
<ArrayOfShort><short>417</short>
<short>0</short>
<short>0</short>
</ArrayOfShort>
<ArrayOfShort><short>417</short>
<short>0</short>
<short>0</short>
</ArrayOfShort>
<ArrayOfShort><short>417</short>
<short>0</short>
<short>0</short>
</ArrayOfShort>
<ArrayOfShort><short>417</short>
<short>0</short>
<short>0</short>
</ArrayOfShort>
<ArrayOfShort><short>417</short>
<short>0</short>
<short>0</short>
</ArrayOfShort>
<ArrayOfShort><short>417</short>
<short>0</short>
<short>0</short>
</ArrayOfShort>
<ArrayOfShort><short>417</short>
<short>0</short>
<short>0</short>
</ArrayOfShort>
<ArrayOfShort><short>417</short>
<short>0</short>
<short>0</short>
</ArrayOfShort>
<ArrayOfShort><short>417</short>
<short>0</short>
<short>0</short>
</ArrayOfShort>
<ArrayOfShort><short>417</short>
<short>0</short>
<short>0</short>
</ArrayOfShort>
<ArrayOfShort><short>417</short>
<short>0</short>
<short>0</short>
</ArrayOfShort>
<ArrayOfShort><short>417</short>
<short>0</short>
<short>0</short>
</ArrayOfShort>
<ArrayOfShort><short>417</short>
<short>0</short>
<short>0</short>
</ArrayOfShort>
<ArrayOfShort><short>417</short>
<short>0</short>
<short>0</short>
</ArrayOfShort>
</ArrayOfArrayOfShort>
<ArrayOfArrayOfShort><ArrayOfShort><short>417</short>
<short>0</short>
<short>0</short>
</ArrayOfShort>
<ArrayOfShort><short>417</short>
<short>504</short>
<short>0</short>
</ArrayOfShort>
<ArrayOfShort><short>417</short>
<short>512</short>
<short>0</short>
</ArrayOfShort>
<ArrayOfShort><short>417</short>
<short>520</short>
<short>0</short>
</ArrayOfShort>
<ArrayOfShort><short>417</short>
<short>528</short>
<short>0</short>
</ArrayOfShort>
<ArrayOfShort><short>417</short>
<short>536</short>
<short>0</short>
</ArrayOfShort>
<ArrayOfShort><short>417</short>
<short>544</short>
<short>0</short>
</ArrayOfShort>
<ArrayOfShort><short>417</short>
<short>552</short>
<short>0</short>
</ArrayOfShort>
<ArrayOfShort><short>417</short>
<short>560</short>
<short>0</short>
</ArrayOfShort>
<ArrayOfShort><short>417</short>
<short>568</short>
<short>0</short>
</ArrayOfShort>
<ArrayOfShort><short>417</short>
<short>576</short>
<short>0</short>
</ArrayOfShort>
<ArrayOfShort><short>417</short>
<short>0</short>
<short>0</short>
</ArrayOfShort>
<ArrayOfShort><short>417</short>
<short>0</short>
<short>0</short>
</ArrayOfShort>
<ArrayOfShort><short>417</short>
<short>0</short>
<short>0</short>
</ArrayOfShort>
<ArrayOfShort><short>417</short>
<short>0</short>
<short>0</short>
</ArrayOfShort>
</ArrayOfArrayOfShort>
<ArrayOfArrayOfShort><ArrayOfShort><short>417</short>
<short>0</short>
<short>0</short>
</ArrayOfShort>
<ArrayOfShort><short>417</short>
<short>505</short>
<short>0</short>
</ArrayOfShort>
<ArrayOfShort><short>417</short>
<short>513</short>
<short>0</short>
</ArrayOfShort>
<ArrayOfShort><short>417</short>
<short>521</short>
<short>0</short>
</ArrayOfShort>
<ArrayOfShort><short>417</short>
<short>529</short>
<short>0</short>
</ArrayOfShort>
<ArrayOfShort><short>417</short>
<short>537</short>
<short>0</short>
</ArrayOfShort>
<ArrayOfShort><short>417</short>
<short>545</short>
<short>0</short>
</ArrayOfShort>
<ArrayOfShort><short>417</short>
<short>553</short>
<short>0</short>
</ArrayOfShort>
<ArrayOfShort><short>417</short>
<short>561</short>
<short>0</short>
</ArrayOfShort>
<ArrayOfShort><short>417</short>
<short>569</short>
<short>0</short>
</ArrayOfShort>
<ArrayOfShort><short>417</short>
<short>577</short>
<short>0</short>
</ArrayOfShort>
<ArrayOfShort><short>417</short>
<short>0</short>
<short>0</short>
</ArrayOfShort>
<ArrayOfShort><short>417</short>
<short>0</short>
<short>0</short>
</ArrayOfShort>
<ArrayOfShort><short>417</short>
<short>0</short>
<short>0</short>
</ArrayOfShort>
<ArrayOfShort><short>417</short>
<short>0</short>
<short>0</short>
</ArrayOfShort>
</ArrayOfArrayOfShort>
<ArrayOfArrayOfShort><ArrayOfShort><short>417</short>
<short>0</short>
<short>0</short>
</ArrayOfShort>
<ArrayOfShort><short>417</short>
<short>506</short>
<short>0</short>
</ArrayOfShort>
<ArrayOfShort><short>417</short>
<short>514</short>
<short>0</short>
</ArrayOfShort>
<ArrayOfShort><short>417</short>
<short>522</short>
<short>0</short>
</ArrayOfShort>
<ArrayOfShort><short>417</short>
<short>530</short>
<short>0</short>
</ArrayOfShort>
<ArrayOfShort><short>417</short>
<short>538</short>
<short>0</short>
</ArrayOfShort>
<ArrayOfShort><short>417</short>
<short>546</short>
<short>0</short>
</ArrayOfShort>
<ArrayOfShort><short>417</short>
<short>554</short>
<short>0</short>
</ArrayOfShort>
<ArrayOfShort><short>417</short>
<short>562</short>
<short>0</short>
</ArrayOfShort>
<ArrayOfShort><short>417</short>
<short>570</short>
<short>0</short>
</ArrayOfShort>
<ArrayOfShort><short>417</short>
<short>578</short>
<short>0</short>
</ArrayOfShort>
<ArrayOfShort><short>417</short>
<short>0</short>
<short>0</short>
</ArrayOfShort>
<ArrayOfShort><short>417</short>
<short>0</short>
<short>0</short>
</ArrayOfShort>
<ArrayOfShort><short>417</short>
<short>0</short>
<short>0</short>
</ArrayOfShort>
<ArrayOfShort><short>417</short>
<short>0</short>
<short>0</short>
</ArrayOfShort>
</ArrayOfArrayOfShort>
<ArrayOfArrayOfShort><ArrayOfShort><short>417</short>
<short>0</short>
<short>0</short>
</ArrayOfShort>
<ArrayOfShort><short>417</short>
<short>507</short>
<short>0</short>
</ArrayOfShort>
<ArrayOfShort><short>417</short>
<short>515</short>
<short>0</short>
</ArrayOfShort>
<ArrayOfShort><short>417</short>
<short>523</short>
<short>0</short>
</ArrayOfShort>
<ArrayOfShort><short>417</short>
<short>531</short>
<short>0</short>
</ArrayOfShort>
<ArrayOfShort><short>417</short>
<short>539</short>
<short>0</short>
</ArrayOfShort>
<ArrayOfShort><short>417</short>
<short>547</short>
<short>0</short>
</ArrayOfShort>
<ArrayOfShort><short>417</short>
<short>555</short>
<short>0</short>
</ArrayOfShort>
<ArrayOfShort><short>417</short>
<short>563</short>
<short>0</short>
</ArrayOfShort>
<ArrayOfShort><short>417</short>
<short>571</short>
<short>0</short>
</ArrayOfShort>
<ArrayOfShort><short>417</short>
<short>579</short>
<short>0</short>
</ArrayOfShort>
<ArrayOfShort><short>417</short>
<short>0</short>
<short>0</short>
</ArrayOfShort>
<ArrayOfShort><short>417</short>
<short>0</short>
<short>0</short>
</ArrayOfShort>
<ArrayOfShort><short>417</short>
<short>0</short>
<short>0</short>
</ArrayOfShort>
<ArrayOfShort><short>417</short>
<short>0</short>
<short>0</short>
</ArrayOfShort>
</ArrayOfArrayOfShort>
<ArrayOfArrayOfShort><ArrayOfShort><short>417</short>
<short>0</short>
<short>0</short>
</ArrayOfShort>
<ArrayOfShort><short>417</short>
<short>508</short>
<short>0</short>
</ArrayOfShort>
<ArrayOfShort><short>417</short>
<short>516</short>
<short>0</short>
</ArrayOfShort>
<ArrayOfShort><short>417</short>
<short>524</short>
<short>0</short>
</ArrayOfShort>
<ArrayOfShort><short>417</short>
<short>532</short>
<short>0</short>
</ArrayOfShort>
<ArrayOfShort><short>417</short>
<short>540</short>
<short>0</short>
</ArrayOfShort>
<ArrayOfShort><short>417</short>
<short>548</short>
<short>0</short>
</ArrayOfShort>
<ArrayOfShort><short>417</short>
<short>556</short>
<short>0</short>
</ArrayOfShort>
<ArrayOfShort><short>417</short>
<short>564</short>
<short>0</short>
</ArrayOfShort>
<ArrayOfShort><short>417</short>
<short>572</short>
<short>0</short>
</ArrayOfShort>
<ArrayOfShort><short>417</short>
<short>580</short>
<short>0</short>
</ArrayOfShort>
<ArrayOfShort><short>417</short>
<short>0</short>
<short>0</short>
</ArrayOfShort>
<ArrayOfShort><short>417</short>
<short>0</short>
<short>0</short>
</ArrayOfShort>
<ArrayOfShort><short>417</short>
<short>0</short>
<short>0</short>
</ArrayOfShort>
<ArrayOfShort><short>417</short>
<short>0</short>
<short>0</short>
</ArrayOfShort>
</ArrayOfArrayOfShort>
<ArrayOfArrayOfShort><ArrayOfShort><short>417</short>
<short>0</short>
<short>0</short>
</ArrayOfShort>
<ArrayOfShort><short>417</short>
<short>509</short>
<short>0</short>
</ArrayOfShort>
<ArrayOfShort><short>417</short>
<short>517</short>
<short>0</short>
</ArrayOfShort>
<ArrayOfShort><short>417</short>
<short>525</short>
<short>0</short>
</ArrayOfShort>
<ArrayOfShort><short>417</short>
<short>533</short>
<short>0</short>
</ArrayOfShort>
<ArrayOfShort><short>417</short>
<short>541</short>
<short>0</short>
</ArrayOfShort>
<ArrayOfShort><short>417</short>
<short>549</short>
<short>0</short>
</ArrayOfShort>
<ArrayOfShort><short>417</short>
<short>557</short>
<short>0</short>
</ArrayOfShort>
<ArrayOfShort><short>417</short>
<short>565</short>
<short>0</short>
</ArrayOfShort>
<ArrayOfShort><short>417</short>
<short>573</short>
<short>0</short>
</ArrayOfShort>
<ArrayOfShort><short>417</short>
<short>581</short>
<short>0</short>
</ArrayOfShort>
<ArrayOfShort><short>417</short>
<short>0</short>
<short>0</short>
</ArrayOfShort>
<ArrayOfShort><short>417</short>
<short>0</short>
<short>0</short>
</ArrayOfShort>
<ArrayOfShort><short>417</short>
<short>0</short>
<short>0</short>
</ArrayOfShort>
<ArrayOfShort><short>417</short>
<short>0</short>
<short>0</short>
</ArrayOfShort>
</ArrayOfArrayOfShort>
<ArrayOfArrayOfShort><ArrayOfShort><short>417</short>
<short>0</short>
<short>0</short>
</ArrayOfShort>
<ArrayOfShort><short>417</short>
<short>510</short>
<short>0</short>
</ArrayOfShort>
<ArrayOfShort><short>417</short>
<short>518</short>
<short>0</short>
</ArrayOfShort>
<ArrayOfShort><short>417</short>
<short>526</short>
<short>0</short>
</ArrayOfShort>
<ArrayOfShort><short>417</short>
<short>534</short>
<short>0</short>
</ArrayOfShort>
<ArrayOfShort><short>417</short>
<short>542</short>
<short>0</short>
</ArrayOfShort>
<ArrayOfShort><short>417</short>
<short>550</short>
<short>0</short>
</ArrayOfShort>
<ArrayOfShort><short>417</short>
<short>558</short>
<short>0</short>
</ArrayOfShort>
<ArrayOfShort><short>417</short>
<short>566</short>
<short>0</short>
</ArrayOfShort>
<ArrayOfShort><short>417</short>
<short>574</short>
<short>0</short>
</ArrayOfShort>
<ArrayOfShort><short>417</short>
<short>582</short>
<short>0</short>
</ArrayOfShort>
<ArrayOfShort><short>417</short>
<short>0</short>
<short>0</short>
</ArrayOfShort>
<ArrayOfShort><short>417</short>
<short>0</short>
<short>0</short>
</ArrayOfShort>
<ArrayOfShort><short>417</short>
<short>0</short>
<short>0</short>
</ArrayOfShort>
<ArrayOfShort><short>417</short>
<short>0</short>
<short>0</short>
</ArrayOfShort>
</ArrayOfArrayOfShort>
<ArrayOfArrayOfShort><ArrayOfShort><short>417</short>
<short>0</short>
<short>0</short>
</ArrayOfShort>
<ArrayOfShort><short>417</short>
<short>511</short>
<short>0</short>
</ArrayOfShort>
<ArrayOfShort><short>417</short>
<short>519</short>
<short>0</short>
</ArrayOfShort>
<ArrayOfShort><short>417</short>
<short>527</short>
<short>0</short>
</ArrayOfShort>
<ArrayOfShort><short>417</short>
<short>535</short>
<short>0</short>
</ArrayOfShort>
<ArrayOfShort><short>417</short>
<short>543</short>
<short>0</short>
</ArrayOfShort>
<ArrayOfShort><short>417</short>
<short>551</short>
<short>0</short>
</ArrayOfShort>
<ArrayOfShort><short>417</short>
<short>559</short>
<short>0</short>
</ArrayOfShort>
<ArrayOfShort><short>417</short>
<short>567</short>
<short>0</short>
</ArrayOfShort>
<ArrayOfShort><short>417</short>
<short>575</short>
<short>0</short>
</ArrayOfShort>
<ArrayOfShort><short>417</short>
<short>583</short>
<short>0</short>
</ArrayOfShort>
<ArrayOfShort><short>417</short>
<short>0</short>
<short>0</short>
</ArrayOfShort>
<ArrayOfShort><short>417</short>
<short>0</short>
<short>0</short>
</ArrayOfShort>
<ArrayOfShort><short>417</short>
<short>0</short>
<short>0</short>
</ArrayOfShort>
<ArrayOfShort><short>417</short>
<short>0</short>
<short>0</short>
</ArrayOfShort>
</ArrayOfArrayOfShort>
<ArrayOfArrayOfShort><ArrayOfShort><short>417</short>
<short>0</short>
<short>0</short>
</ArrayOfShort>
<ArrayOfShort><short>417</short>
<short>0</short>
<short>0</short>
</ArrayOfShort>
<ArrayOfShort><short>417</short>
<short>0</short>
<short>0</short>
</ArrayOfShort>
<ArrayOfShort><short>417</short>
<short>0</short>
<short>0</short>
</ArrayOfShort>
<ArrayOfShort><short>417</short>
<short>0</short>
<short>0</short>
</ArrayOfShort>
<ArrayOfShort><short>417</short>
<short>0</short>
<short>0</short>
</ArrayOfShort>
<ArrayOfShort><short>417</short>
<short>0</short>
<short>0</short>
</ArrayOfShort>
<ArrayOfShort><short>417</short>
<short>0</short>
<short>0</short>
</ArrayOfShort>
<ArrayOfShort><short>417</short>
<short>0</short>
<short>0</short>
</ArrayOfShort>
<ArrayOfShort><short>417</short>
<short>0</short>
<short>0</short>
</ArrayOfShort>
<ArrayOfShort><short>417</short>
<short>0</short>
<short>0</short>
</ArrayOfShort>
<ArrayOfShort><short>417</short>
<short>0</short>
<short>0</short>
</ArrayOfShort>
<ArrayOfShort><short>417</short>
<short>0</short>
<short>0</short>
</ArrayOfShort>
<ArrayOfShort><short>417</short>
<short>0</short>
<short>0</short>
</ArrayOfShort>
<ArrayOfShort><short>417</short>
<short>0</short>
<short>0</short>
</ArrayOfShort>
</ArrayOfArrayOfShort>
<ArrayOfArrayOfShort><ArrayOfShort><short>417</short>
<short>0</short>
<short>0</short>
</ArrayOfShort>
<ArrayOfShort><short>417</short>
<short>0</short>
<short>0</short>
</ArrayOfShort>
<ArrayOfShort><short>417</short>
<short>0</short>
<short>0</short>
</ArrayOfShort>
<ArrayOfShort><short>417</short>
<short>0</short>
<short>0</short>
</ArrayOfShort>
<ArrayOfShort><short>417</short>
<short>0</short>
<short>0</short>
</ArrayOfShort>
<ArrayOfShort><short>417</short>
<short>0</short>
<short>0</short>
</ArrayOfShort>
<ArrayOfShort><short>417</short>
<short>0</short>
<short>0</short>
</ArrayOfShort>
<ArrayOfShort><short>417</short>
<short>0</short>
<short>0</short>
</ArrayOfShort>
<ArrayOfShort><short>417</short>
<short>0</short>
<short>0</short>
</ArrayOfShort>
<ArrayOfShort><short>417</short>
<short>0</short>
<short>0</short>
</ArrayOfShort>
<ArrayOfShort><short>417</short>
<short>0</short>
<short>0</short>
</ArrayOfShort>
<ArrayOfShort><short>417</short>
<short>0</short>
<short>0</short>
</ArrayOfShort>
<ArrayOfShort><short>417</short>
<short>0</short>
<short>0</short>
</ArrayOfShort>
<ArrayOfShort><short>417</short>
<short>0</short>
<short>0</short>
</ArrayOfShort>
<ArrayOfShort><short>417</short>
<short>0</short>
<short>0</short>
</ArrayOfShort>
</ArrayOfArrayOfShort>
<ArrayOfArrayOfShort><ArrayOfShort><short>417</short>
<short>0</short>
<short>0</short>
</ArrayOfShort>
<ArrayOfShort><short>417</short>
<short>0</short>
<short>0</short>
</ArrayOfShort>
<ArrayOfShort><short>417</short>
<short>0</short>
<short>0</short>
</ArrayOfShort>
<ArrayOfShort><short>417</short>
<short>0</short>
<short>0</short>
</ArrayOfShort>
<ArrayOfShort><short>417</short>
<short>0</short>
<short>0</short>
</ArrayOfShort>
<ArrayOfShort><short>417</short>
<short>0</short>
<short>0</short>
</ArrayOfShort>
<ArrayOfShort><short>417</short>
<short>0</short>
<short>0</short>
</ArrayOfShort>
<ArrayOfShort><short>417</short>
<short>0</short>
<short>0</short>
</ArrayOfShort>
<ArrayOfShort><short>417</short>
<short>0</short>
<short>0</short>
</ArrayOfShort>
<ArrayOfShort><short>417</short>
<short>0</short>
<short>0</short>
</ArrayOfShort>
<ArrayOfShort><short>417</short>
<short>0</short>
<short>0</short>
</ArrayOfShort>
<ArrayOfShort><short>417</short>
<short>0</short>
<short>0</short>
</ArrayOfShort>
<ArrayOfShort><short>417</short>
<short>0</short>
<short>0</short>
</ArrayOfShort>
<ArrayOfShort><short>417</short>
<short>0</short>
<short>0</short>
</ArrayOfShort>
<ArrayOfShort><short>417</short>
<short>0</short>
<short>0</short>
</ArrayOfShort>
</ArrayOfArrayOfShort>
</Data>
<Events><Event></Event><Event><Id>1</Id><Name>EV001</Name><X>7</X><Y>5</Y><Pages><Page><PageCondition><Switch1Valid>false</Switch1Valid><Switch2Valid>false</Switch2Valid><VariableValid>false</VariableValid><SelfSwitchValid>false</SelfSwitchValid><Switch1Id>1</Switch1Id><Switch2Id>1</Switch2Id><VariableId>1</VariableId><VariableValue>0</VariableValue><SelfSwitchCh>A</SelfSwitchCh></PageCondition><PageGraphic><TileId>0</TileId><CharacterName>024-Gunner02</CharacterName><CharacterHue>0</CharacterHue><Direction>4</Direction><Pattern>1</Pattern><Opacity>255</Opacity><BlendType>0</BlendType></PageGraphic><MoveType>0</MoveType><MoveSpeed>3</MoveSpeed><MoveFrequency>3</MoveFrequency><MoveRoute><Repeat>true</Repeat><Skippable>false</Skippable><List></List></MoveRoute><WalkAnime>true</WalkAnime><StepAnime>false</StepAnime><DirectionFix>false</DirectionFix><Through>false</Through><AlwaysOnTop>false</AlwaysOnTop><Trigger>0</Trigger><List><EventCommand>
<Code>101</Code><Indent>0</Indent><IntParams></IntParams><StringParams><string>"C'est de la triche coco, tu ne comprends même pas </string></StringParams></EventCommand>
<EventCommand>
<Code>401</Code><Indent>0</Indent><IntParams></IntParams><StringParams><string>comment les maps passent dans geex, et tu crois </string></StringParams></EventCommand>
<EventCommand>
<Code>401</Code><Indent>0</Indent><IntParams></IntParams><StringParams><string>avoir réussi l'exercice ? Retourne faire mumuse...</string></StringParams></EventCommand>
<EventCommand>
<Code>101</Code><Indent>0</Indent><IntParams></IntParams><StringParams><string>Avec de l'AC3 ! Oui, tu as bien entendu, de l'AC3 !</string></StringParams></EventCommand>
<EventCommand>
<Code>101</Code><Indent>0</Indent><IntParams></IntParams><StringParams><string>Sinon je vends des bracelets de perles, ça </string></StringParams></EventCommand>
<EventCommand>
<Code>401</Code><Indent>0</Indent><IntParams></IntParams><StringParams><string>t'intéresse ?</string></StringParams></EventCommand>
</List>
</Page>
</Pages>
</Event></Events></Map>